[0m[1mkubernetes_namespace_v1.app: Refreshing state... [id=locatic-dev][0m
[0m[1mkubernetes_persistent_volume_claim_v1.sqlite: Refreshing state... [id=locatic-dev/locatic-sqlite][0m

[1m[36mNote:[0m[1m Objects have changed outside of Terraform
[0m
Terraform detected the following changes made outside of Terraform since the
last "terraform apply" which may have affected this plan:

[1m  # kubernetes_namespace_v1.app[0m has been deleted
[0m  [31m-[0m[0m resource "kubernetes_namespace_v1" "app" {
        id                               = "locatic-dev"
        [90m# (1 unchanged attribute hidden)[0m[0m

      [31m-[0m[0m metadata {
          [31m-[0m[0m name             = "locatic-dev" [90m-> null[0m[0m
            [90m# (6 unchanged attributes hidden)[0m[0m
        }
    }


Unless you have made equivalent changes to your configuration, or ignored the
relevant attributes using ignore_changes, the following plan may include
actions to undo or respond to these changes.
[90m
─────────────────────────────────────────────────────────────────────────────[0m

Terraform used the selected providers to generate the following execution
plan. Resource actions are indicated with the following symbols:
  [32m+[0m create[0m

Terraform will perform the following actions:

[1m  # kubernetes_namespace_v1.app[0m will be created
[0m  [32m+[0m[0m resource "kubernetes_namespace_v1" "app" {
      [32m+[0m[0m id                               = (known after apply)
      [32m+[0m[0m wait_for_default_service_account = false

      [32m+[0m[0m metadata {
          [32m+[0m[0m generation       = (known after apply)
          [32m+[0m[0m labels           = {
              [32m+[0m[0m "app.kubernetes.io/managed-by" = "terraform"
              [32m+[0m[0m "app.kubernetes.io/part-of"    = "locatic"
              [32m+[0m[0m "environment"                  = "dev"
            }
          [32m+[0m[0m name             = "locatic-dev"
          [32m+[0m[0m resource_version = (known after apply)
          [32m+[0m[0m uid              = (known after apply)
        }
    }

[1m  # kubernetes_persistent_volume_claim_v1.sqlite[0m will be created
[0m  [32m+[0m[0m resource "kubernetes_persistent_volume_claim_v1" "sqlite" {
      [32m+[0m[0m id               = (known after apply)
      [32m+[0m[0m wait_until_bound = false

      [32m+[0m[0m metadata {
          [32m+[0m[0m generation       = (known after apply)
          [32m+[0m[0m labels           = {
              [32m+[0m[0m "app.kubernetes.io/managed-by" = "terraform"
              [32m+[0m[0m "app.kubernetes.io/part-of"    = "locatic"
              [32m+[0m[0m "environment"                  = "dev"
            }
          [32m+[0m[0m name             = "locatic-sqlite"
          [32m+[0m[0m namespace        = "locatic-dev"
          [32m+[0m[0m resource_version = (known after apply)
          [32m+[0m[0m uid              = (known after apply)
        }

      [32m+[0m[0m spec {
          [32m+[0m[0m access_modes       = [
              [32m+[0m[0m "ReadWriteOnce",
            ]
          [32m+[0m[0m storage_class_name = (known after apply)
          [32m+[0m[0m volume_mode        = (known after apply)
          [32m+[0m[0m volume_name        = (known after apply)

          [32m+[0m[0m resources {
              [32m+[0m[0m requests = {
                  [32m+[0m[0m "storage" = "1Gi"
                }
            }
        }
    }

[1mPlan:[0m [0m2 to add, 0 to change, 0 to destroy.
[0m[1m
Do you want to perform these actions?[0m
  Terraform will perform the actions described above.
  Only 'yes' will be accepted to approve.

  [1mEnter a value:[0m [0m
[0m[1mkubernetes_namespace_v1.app: Creating...[0m[0m
[0m[1mkubernetes_namespace_v1.app: Creation complete after 0s [id=locatic-dev][0m
[0m[1mkubernetes_persistent_volume_claim_v1.sqlite: Creating...[0m[0m
[0m[1mkubernetes_persistent_volume_claim_v1.sqlite: Creation complete after 0s [id=locatic-dev/locatic-sqlite][0m
[0m[1m[32m
Apply complete! Resources: 2 added, 0 changed, 0 destroyed.[0m
[0m[1m[32m
Outputs:

[0mhandoff = {
  "app_name" = "locatic"
  "chart_path" = "../../helm/devops-app-chart"
  "environment" = "dev"
  "kube_context" = "minikube"
  "namespace" = "locatic-dev"
  "sqlite_path" = "/app/data/locatic.db"
  "sqlite_pvc" = "locatic-sqlite"
  "values_files" = [
    "../../helm/values.yaml",
    "../../helm/values-dev.yaml",
  ]
}
helm_deploy_command = "helm upgrade --install locatic ../../helm/devops-app-chart -n locatic-dev -f ../../helm/values.yaml -f ../../helm/values-dev.yaml --set persistence.existingClaim=locatic-sqlite --set config.connectionString='Data Source=/app/data/locatic.db'"
namespace = "locatic-dev"
sqlite_connection_string = "Data Source=/app/data/locatic.db"
sqlite_mount_path = "/app/data"
sqlite_pvc_name = "locatic-sqlite"
